  0     *                [*D]    0
  1 v                            1
  2           [B]   ]C[          2
  3     [A]                      3

