 -2                [*C]   *                   -2
 -1                       *       *           -1
  0     [A]         *     *       *            0
  1 v                                          1
  2           ]B[                              2
  3     *                                      3
  4                                            4
  5     *                                      5
  6                                            6
  7     *                                      7
  8                       ]D[           ]F[    8
  9                                            9
 10                             ]SVC[         10

